INFO:     Started server process [38528]
INFO:     Waiting for application startup.
INFO:     Application startup complete.
INFO:     Uvicorn running on http://127.0.0.1:8000 (Press CTRL+C to quit)
INFO:     Content Studio context request received
INFO:     Content Studio context response status=200
INFO:     Content Studio context request received
INFO:     Content Studio context response status=200
INFO:     Content Studio context request received
INFO:     Content Studio context response status=200
INFO:     Content Studio context request received
INFO:     Content Studio context response status=200
INFO:     Content Studio context request received
ERROR:    Content Studio context request timed out
Traceback (most recent call last):
  File "C:\Users\knphi\AppData\Local\Programs\Python\Python311\Lib\asyncio\tasks.py", line 500, in wait_for
    return fut.result()
           ^^^^^^^^^^^^
  File "C:\Users\knphi\AppData\Local\Programs\Python\Python311\Lib\asyncio\threads.py", line 25, in to_thread
    return await loop.run_in_executor(None, func_call)
           ^^^^^^^^^^^^^^^^^^^^^^^^^^^^^^^^^^^^^^^^^^^
asyncio.exceptions.CancelledError

The above exception was the direct cause of the following exception:

Traceback (most recent call last):
  File "C:\Creator-OS-React\app\api\content_studio.py", line 560, in get_content_studio_context
    return JSONResponse(status_code=200, content=content)
              ^^^^^^^^^^^^^^^^^^^^^^^^^^^^^^^^^^^^^^^^^^^
  File "C:\Users\knphi\AppData\Local\Programs\Python\Python311\Lib\asyncio\tasks.py", line 502, in wait_for
    raise exceptions.TimeoutError() from exc
TimeoutError
ERROR:    Content Studio context response status=503
INFO:     Content Studio context request received
ERROR:    Content Studio context request timed out
Traceback (most recent call last):
  File "C:\Users\knphi\AppData\Local\Programs\Python\Python311\Lib\asyncio\tasks.py", line 500, in wait_for
    return fut.result()
           ^^^^^^^^^^^^
  File "C:\Users\knphi\AppData\Local\Programs\Python\Python311\Lib\asyncio\threads.py", line 25, in to_thread
    return await loop.run_in_executor(None, func_call)
           ^^^^^^^^^^^^^^^^^^^^^^^^^^^^^^^^^^^^^^^^^^^
asyncio.exceptions.CancelledError

The above exception was the direct cause of the following exception:

Traceback (most recent call last):
  File "C:\Creator-OS-React\app\api\content_studio.py", line 560, in get_content_studio_context
    return JSONResponse(status_code=200, content=content)
              ^^^^^^^^^^^^^^^^^^^^^^^^^^^^^^^^^^^^^^^^^^^
  File "C:\Users\knphi\AppData\Local\Programs\Python\Python311\Lib\asyncio\tasks.py", line 502, in wait_for
    raise exceptions.TimeoutError() from exc
TimeoutError
ERROR:    Content Studio context response status=503
